// Jest Snapshot v1, https://goo.gl/fbAQLP

exports[`App component Test rendering 1`] = `
Array [
  <div
    className="headerWrapper"
  >
    <div
      className="headerText"
    >
      ABN Search tool
    </div>
  </div>,
  <div
    className="wrapper"
  >
    <div
      className="topSection"
    >
      <h1
        className="mainHeading"
      >
        Search for an Entity below
      </h1>
    </div>
    <section>
      <div
        className="inputSection"
      >
        <input
          disabled=""
          onChange={[Function]}
          onKeyDown={[Function]}
          placeholder="Enter either ABN or company name..."
          type="text"
          value=""
        />
      </div>
      <div
        className="suggestionsSection"
      />
    </section>
    <div
      className="resultSection"
    />
  </div>,
]
`;

exports[`App component check input change 1`] = `ShallowWrapper {}`;

exports[`App component check input onClick 1`] = `ShallowWrapper {}`;

exports[`App component check input onKeyDown 1`] = `ShallowWrapper {}`;
